// Jest Snapshot v1, https://goo.gl/fbAQLP

exports[`<TaskList /> should match snapshot 1`] = `
.c0 {
  margin: 2rem 0;
  padding: 1.2rem;
  border-radius: 6px;
  background-color: #20212c;
}

.c0 > h3 {
  color: #f2f6fc;
  font-size: 1.6rem;
  line-height: 150%;
  cursor: pointer;
}

.c1 {
  width: 100%;
  margin-top: 2rem;
  display: -webkit-box;
  display: -webkit-flex;
  display: -ms-flexbox;
  display: flex;
  -webkit-flex-direction: row;
  -ms-flex-direction: row;
  flex-direction: row;
  -webkit-box-pack: justify;
  -webkit-justify-content: space-between;
  -ms-flex-pack: justify;
  justify-content: space-between;
}

.c1 div {
  display: -webkit-box;
  display: -webkit-flex;
  display: -ms-flexbox;
  display: flex;
  -webkit-align-items: center;
  -webkit-box-align: center;
  -ms-flex-align: center;
  align-items: center;
  -webkit-box-pack: center;
  -webkit-justify-content: center;
  -ms-flex-pack: center;
  justify-content: center;
}

.c1 div time {
  color: #ffb800;
  margin-left: 0.5rem;
  margin-right: 1rem;
}

.c2 {
  border: none;
  background: transparent;
  cursor: pointer;
  margin-left: 1rem;
  -webkit-transition: ease-in-out 0.3s;
  transition: ease-in-out 0.3s;
  display: -webkit-box;
  display: -webkit-flex;
  display: -ms-flexbox;
  display: flex;
  -webkit-align-items: center;
  -webkit-box-align: center;
  -ms-flex-align: center;
  align-items: center;
  -webkit-box-pack: center;
  -webkit-justify-content: center;
  -ms-flex-pack: center;
  justify-content: center;
}

.c2:hover {
  opacity: 0.7;
  -webkit-transform: scale(1.05);
  -ms-transform: scale(1.05);
  transform: scale(1.05);
}

.c2 > span {
  color: #fff;
  margin-left: 0.7rem;
}

.c3 {
  border: none;
  background: transparent;
  cursor: pointer;
  margin-left: 1rem;
  -webkit-transition: ease-in-out 0.3s;
  transition: ease-in-out 0.3s;
  display: -webkit-box;
  display: -webkit-flex;
  display: -ms-flexbox;
  display: flex;
  -webkit-align-items: center;
  -webkit-box-align: center;
  -ms-flex-align: center;
  align-items: center;
  -webkit-box-pack: center;
  -webkit-justify-content: center;
  -ms-flex-pack: center;
  justify-content: center;
}

.c3:hover {
  opacity: 0.7;
  -webkit-transform: scale(1.05);
  -ms-transform: scale(1.05);
  transform: scale(1.05);
}

.c3 > span {
  color: #fff;
  margin-left: 0.7rem;
}

<section
  class=""
  id="article"
>
  <article
    class="c0"
  >
    <h3>
      Name Task
    </h3>
    <div
      class="c1"
    >
      <div>
        <div>
          <svg
            color="#FFB800"
            fill="none"
            height="20"
            stroke="currentColor"
            stroke-linecap="round"
            stroke-linejoin="round"
            stroke-width="2"
            style="color: rgb(255, 184, 0);"
            viewBox="0 0 24 24"
            width="20"
            xmlns="http://www.w3.org/2000/svg"
          >
            <rect
              height="18"
              rx="2"
              ry="2"
              width="18"
              x="3"
              y="4"
            />
            <line
              x1="16"
              x2="16"
              y1="2"
              y2="6"
            />
            <line
              x1="8"
              x2="8"
              y1="2"
              y2="6"
            />
            <line
              x1="3"
              x2="21"
              y1="10"
              y2="10"
            />
          </svg>
          <time>
            Date of Created
          </time>
        </div>
        <button
          class="c2"
        >
          <svg
            color="#FFF"
            fill="none"
            height="20"
            stroke="currentColor"
            stroke-linecap="round"
            stroke-linejoin="round"
            stroke-width="2"
            style="color: rgb(255, 255, 255);"
            viewBox="0 0 24 24"
            width="20"
            xmlns="http://www.w3.org/2000/svg"
          >
            <path
              d="M17 3a2.828 2.828 0 1 1 4 4L7.5 20.5 2 22l1.5-5.5L17 3z"
            />
          </svg>
          <span>
            Editar
          </span>
        </button>
      </div>
      <button
        class="c3"
      >
        <svg
          color="#FF3636"
          fill="none"
          height="20"
          stroke="currentColor"
          stroke-linecap="round"
          stroke-linejoin="round"
          stroke-width="2"
          style="color: rgb(255, 54, 54);"
          viewBox="0 0 24 24"
          width="20"
          xmlns="http://www.w3.org/2000/svg"
        >
          <polyline
            points="3 6 5 6 21 6"
          />
          <path
            d="M19 6v14a2 2 0 0 1-2 2H7a2 2 0 0 1-2-2V6m3 0V4a2 2 0 0 1 2-2h4a2 2 0 0 1 2 2v2"
          />
        </svg>
        <span>
          Excluir
        </span>
      </button>
    </div>
  </article>
</section>
`;
